BASELINE_NO_LOCK             n= 12 net=      5323 exbest=     -1784 dd=    3831 win=50.0 pf=1.7878 {'time_stop': 6, 'trail_stop': 3, 'underlying_stop': 3} (94s)
LOCK_a0.2_f0.05_k0.0         n= 12 net=      2814 exbest=     -4294 dd=    3831 win=25.0 pf=1.4336 {'profit_lock': 5, 'time_stop': 2, 'trail_stop': 2, 'underlying_stop': 3} (29s)
LOCK_a0.2_f0.05_k0.5         n= 12 net=      3346 exbest=     -3762 dd=    3831 win=33.33 pf=1.5248 {'profit_lock': 5, 'time_stop': 2, 'trail_stop': 2, 'underlying_stop': 3} (29s)
LOCK_a0.2_f0.1_k0.0          n= 12 net=      2814 exbest=     -4294 dd=    3831 win=25.0 pf=1.4336 {'profit_lock': 5, 'time_stop': 2, 'trail_stop': 2, 'underlying_stop': 3} (29s)
LOCK_a0.2_f0.1_k0.5          n= 12 net=      3346 exbest=     -3762 dd=    3831 win=33.33 pf=1.5248 {'profit_lock': 5, 'time_stop': 2, 'trail_stop': 2, 'underlying_stop': 3} (29s)
LOCK_a0.2_f0.15_k0.0         n= 12 net=      3443 exbest=     -3664 dd=    3831 win=41.67 pf=1.5553 {'profit_lock': 5, 'time_stop': 2, 'trail_stop': 2, 'underlying_stop': 3} (30s)
LOCK_a0.2_f0.15_k0.5         n= 12 net=      3674 exbest=     -3434 dd=    3831 win=41.67 pf=1.5924 {'profit_lock': 5, 'time_stop': 2, 'trail_stop': 2, 'underlying_stop': 3} (30s)
LOCK_a0.25_f0.05_k0.0        n= 10 net=       546 exbest=     -6562 dd=    3831 win=10.0 pf=1.0832 {'profit_lock': 5, 'time_stop': 1, 'trail_stop': 1, 'underlying_stop': 3} (30s)
LOCK_a0.25_f0.05_k0.5        n= 12 net=      3486 exbest=     -3622 dd=    3831 win=41.67 pf=1.5431 {'profit_lock': 5, 'time_stop': 2, 'trail_stop': 2, 'underlying_stop': 3} (30s)
LOCK_a0.25_f0.1_k0.0         n= 10 net=       546 exbest=     -6562 dd=    3831 win=10.0 pf=1.0832 {'profit_lock': 5, 'time_stop': 1, 'trail_stop': 1, 'underlying_stop': 3} (30s)
LOCK_a0.25_f0.1_k0.5         n= 12 net=      3486 exbest=     -3622 dd=    3831 win=41.67 pf=1.5431 {'profit_lock': 5, 'time_stop': 2, 'trail_stop': 2, 'underlying_stop': 3} (30s)
LOCK_a0.25_f0.15_k0.0        n= 12 net=      3255 exbest=     -3852 dd=    3831 win=41.67 pf=1.5072 {'profit_lock': 5, 'time_stop': 2, 'trail_stop': 2, 'underlying_stop': 3} (30s)
LOCK_a0.25_f0.15_k0.5        n= 12 net=      3486 exbest=     -3622 dd=    3831 win=41.67 pf=1.5431 {'profit_lock': 5, 'time_stop': 2, 'trail_stop': 2, 'underlying_stop': 3} (30s)
LOCK_a0.3_f0.05_k0.0         n= 12 net=      4785 exbest=     -2323 dd=    3831 win=33.33 pf=1.705 {'profit_lock': 3, 'time_stop': 3, 'trail_stop': 3, 'underlying_stop': 3} (30s)
LOCK_a0.3_f0.05_k0.5         n= 13 net=      5714 exbest=     -1394 dd=    3831 win=53.85 pf=1.86 {'profit_lock': 3, 'time_stop': 4, 'trail_stop': 3, 'underlying_stop': 3} (30s)
LOCK_a0.3_f0.1_k0.0          n= 12 net=      4785 exbest=     -2323 dd=    3831 win=33.33 pf=1.705 {'profit_lock': 3, 'time_stop': 3, 'trail_stop': 3, 'underlying_stop': 3} (30s)
LOCK_a0.3_f0.1_k0.5          n= 13 net=      5714 exbest=     -1394 dd=    3831 win=53.85 pf=1.86 {'profit_lock': 3, 'time_stop': 4, 'trail_stop': 3, 'underlying_stop': 3} (30s)
LOCK_a0.3_f0.15_k0.0         n= 13 net=      5483 exbest=     -1624 dd=    3831 win=53.85 pf=1.8253 {'profit_lock': 3, 'time_stop': 4, 'trail_stop': 3, 'underlying_stop': 3} (30s)
LOCK_a0.3_f0.15_k0.5         n= 13 net=      5714 exbest=     -1394 dd=    3831 win=53.85 pf=1.86 {'profit_lock': 3, 'time_stop': 4, 'trail_stop': 3, 'underlying_stop': 3} (30s)
LOCK_a0.4_f0.05_k0.0         n= 12 net=      5323 exbest=     -1784 dd=    3831 win=50.0 pf=1.7878 {'profit_lock': 1, 'time_stop': 5, 'trail_stop': 3, 'underlying_stop': 3} (29s)
LOCK_a0.4_f0.05_k0.5         n= 13 net=      6041 exbest=     -1066 dd=    3831 win=61.54 pf=1.9095 {'profit_lock': 1, 'time_stop': 6, 'trail_stop': 3, 'underlying_stop': 3} (30s)
LOCK_a0.4_f0.1_k0.0          n= 12 net=      5323 exbest=     -1784 dd=    3831 win=50.0 pf=1.7878 {'profit_lock': 1, 'time_stop': 5, 'trail_stop': 3, 'underlying_stop': 3} (30s)
LOCK_a0.4_f0.1_k0.5          n= 13 net=      6041 exbest=     -1066 dd=    3831 win=61.54 pf=1.9095 {'profit_lock': 1, 'time_stop': 6, 'trail_stop': 3, 'underlying_stop': 3} (30s)
LOCK_a0.4_f0.15_k0.0         n= 13 net=      5811 exbest=     -1297 dd=    3831 win=61.54 pf=1.8748 {'profit_lock': 1, 'time_stop': 6, 'trail_stop': 3, 'underlying_stop': 3} (30s)
LOCK_a0.4_f0.15_k0.5         n= 13 net=      6041 exbest=     -1066 dd=    3831 win=61.54 pf=1.9095 {'profit_lock': 1, 'time_stop': 6, 'trail_stop': 3, 'underlying_stop': 3} (30s)
LOCK_a0.5_f0.05_k0.0         n= 12 net=      5323 exbest=     -1784 dd=    3831 win=50.0 pf=1.7878 {'profit_lock': 1, 'time_stop': 5, 'trail_stop': 3, 'underlying_stop': 3} (30s)
LOCK_a0.5_f0.05_k0.5         n= 13 net=      6041 exbest=     -1066 dd=    3831 win=61.54 pf=1.9095 {'profit_lock': 1, 'time_stop': 6, 'trail_stop': 3, 'underlying_stop': 3} (29s)
LOCK_a0.5_f0.1_k0.0          n= 12 net=      5323 exbest=     -1784 dd=    3831 win=50.0 pf=1.7878 {'profit_lock': 1, 'time_stop': 5, 'trail_stop': 3, 'underlying_stop': 3} (29s)
LOCK_a0.5_f0.1_k0.5          n= 13 net=      6041 exbest=     -1066 dd=    3831 win=61.54 pf=1.9095 {'profit_lock': 1, 'time_stop': 6, 'trail_stop': 3, 'underlying_stop': 3} (29s)
LOCK_a0.5_f0.15_k0.0         n= 13 net=      5811 exbest=     -1297 dd=    3831 win=61.54 pf=1.8748 {'profit_lock': 1, 'time_stop': 6, 'trail_stop': 3, 'underlying_stop': 3} (29s)
LOCK_a0.5_f0.15_k0.5         n= 13 net=      6041 exbest=     -1066 dd=    3831 win=61.54 pf=1.9095 {'profit_lock': 1, 'time_stop': 6, 'trail_stop': 3, 'underlying_stop': 3} (29s)
REENTRY_ONLY                 n= 12 net=      5323 exbest=     -1784 dd=    3831 win=50.0 pf=1.7878 {'time_stop': 6, 'trail_stop': 3, 'underlying_stop': 3} (29s)
